<?xml version="1.0" encoding="UTF-8"?>
<testsuites name="jest tests" tests="9" failures="5" errors="0" time="2.371">
  <testsuite name="DecisionTree" errors="0" failures="0" skipped="0" timestamp="2024-06-16T21:00:35" time="0.217" tests="4">
    <testcase classname="DecisionTree should build a tree and evaluate data" name="DecisionTree should build a tree and evaluate data" time="0.002">
    </testcase>
    <testcase classname="DecisionTree should return majority class when max depth is reached" name="DecisionTree should return majority class when max depth is reached" time="0.001">
    </testcase>
    <testcase classname="DecisionTree should return null for empty data" name="DecisionTree should return null for empty data" time="0.001">
    </testcase>
    <testcase classname="DecisionTree should correctly calculate Gini impurity" name="DecisionTree should correctly calculate Gini impurity" time="0">
    </testcase>
  </testsuite>
  <testsuite name="AIService" errors="0" failures="5" skipped="0" timestamp="2024-06-16T21:00:35" time="0.222" tests="5">
    <testcase classname="AIService should fetch rules" name="AIService should fetch rules" time="0.002">
      <failure>TypeError: Logger is not a constructor
    at new AIService (/Users/pejmanhaghighatnia/Bleu.js/backend/services/aiService.js:6:19)
    at Object.&lt;anonymous&gt; (/Users/pejmanhaghighatnia/Bleu.js/backend/tests/aiService.test.js:24:17)
    at Promise.then.completed (/Users/pejmanhaghighatnia/Bleu.js/node_modules/.pnpm/jest-circus@29.7.0/node_modules/jest-circus/build/utils.js:298:28)
    at new Promise (&lt;anonymous&gt;)
    at callAsyncCircusFn (/Users/pejmanhaghighatnia/Bleu.js/node_modules/.pnpm/jest-circus@29.7.0/node_modules/jest-circus/build/utils.js:231:10)
    at _callCircusHook (/Users/pejmanhaghighatnia/Bleu.js/node_modules/.pnpm/jest-circus@29.7.0/node_modules/jest-circus/build/run.js:281:40)
    at _runTest (/Users/pejmanhaghighatnia/Bleu.js/node_modules/.pnpm/jest-circus@29.7.0/node_modules/jest-circus/build/run.js:246:5)
    at _runTestsForDescribeBlock (/Users/pejmanhaghighatnia/Bleu.js/node_modules/.pnpm/jest-circus@29.7.0/node_modules/jest-circus/build/run.js:126:9)
    at _runTestsForDescribeBlock (/Users/pejmanhaghighatnia/Bleu.js/node_modules/.pnpm/jest-circus@29.7.0/node_modules/jest-circus/build/run.js:121:9)
    at run (/Users/pejmanhaghighatnia/Bleu.js/node_modules/.pnpm/jest-circus@29.7.0/node_modules/jest-circus/build/run.js:71:3)
    at runAndTransformResultsToJestFormat (/Users/pejmanhaghighatnia/Bleu.js/node_modules/.pnpm/jest-circus@29.7.0/node_modules/jest-circus/build/legacy-code-todo-rewrite/jestAdapterInit.js:122:21)
    at jestAdapter (/Users/pejmanhaghighatnia/Bleu.js/node_modules/.pnpm/jest-circus@29.7.0/node_modules/jest-circus/build/legacy-code-todo-rewrite/jestAdapter.js:79:19)
    at runTestInternal (/Users/pejmanhaghighatnia/Bleu.js/node_modules/.pnpm/jest-runner@29.7.0/node_modules/jest-runner/build/runTest.js:367:16)
    at runTest (/Users/pejmanhaghighatnia/Bleu.js/node_modules/.pnpm/jest-runner@29.7.0/node_modules/jest-runner/build/runTest.js:444:34)</failure>
    </testcase>
    <testcase classname="AIService should add a rule" name="AIService should add a rule" time="0">
      <failure>TypeError: Logger is not a constructor
    at new AIService (/Users/pejmanhaghighatnia/Bleu.js/backend/services/aiService.js:6:19)
    at Object.&lt;anonymous&gt; (/Users/pejmanhaghighatnia/Bleu.js/backend/tests/aiService.test.js:24:17)
    at Promise.then.completed (/Users/pejmanhaghighatnia/Bleu.js/node_modules/.pnpm/jest-circus@29.7.0/node_modules/jest-circus/build/utils.js:298:28)
    at new Promise (&lt;anonymous&gt;)
    at callAsyncCircusFn (/Users/pejmanhaghighatnia/Bleu.js/node_modules/.pnpm/jest-circus@29.7.0/node_modules/jest-circus/build/utils.js:231:10)
    at _callCircusHook (/Users/pejmanhaghighatnia/Bleu.js/node_modules/.pnpm/jest-circus@29.7.0/node_modules/jest-circus/build/run.js:281:40)
    at _runTest (/Users/pejmanhaghighatnia/Bleu.js/node_modules/.pnpm/jest-circus@29.7.0/node_modules/jest-circus/build/run.js:246:5)
    at _runTestsForDescribeBlock (/Users/pejmanhaghighatnia/Bleu.js/node_modules/.pnpm/jest-circus@29.7.0/node_modules/jest-circus/build/run.js:126:9)
    at _runTestsForDescribeBlock (/Users/pejmanhaghighatnia/Bleu.js/node_modules/.pnpm/jest-circus@29.7.0/node_modules/jest-circus/build/run.js:121:9)
    at run (/Users/pejmanhaghighatnia/Bleu.js/node_modules/.pnpm/jest-circus@29.7.0/node_modules/jest-circus/build/run.js:71:3)
    at runAndTransformResultsToJestFormat (/Users/pejmanhaghighatnia/Bleu.js/node_modules/.pnpm/jest-circus@29.7.0/node_modules/jest-circus/build/legacy-code-todo-rewrite/jestAdapterInit.js:122:21)
    at jestAdapter (/Users/pejmanhaghighatnia/Bleu.js/node_modules/.pnpm/jest-circus@29.7.0/node_modules/jest-circus/build/legacy-code-todo-rewrite/jestAdapter.js:79:19)
    at runTestInternal (/Users/pejmanhaghighatnia/Bleu.js/node_modules/.pnpm/jest-runner@29.7.0/node_modules/jest-runner/build/runTest.js:367:16)
    at runTest (/Users/pejmanhaghighatnia/Bleu.js/node_modules/.pnpm/jest-runner@29.7.0/node_modules/jest-runner/build/runTest.js:444:34)</failure>
    </testcase>
    <testcase classname="AIService should remove a rule" name="AIService should remove a rule" time="0">
      <failure>TypeError: Logger is not a constructor
    at new AIService (/Users/pejmanhaghighatnia/Bleu.js/backend/services/aiService.js:6:19)
    at Object.&lt;anonymous&gt; (/Users/pejmanhaghighatnia/Bleu.js/backend/tests/aiService.test.js:24:17)
    at Promise.then.completed (/Users/pejmanhaghighatnia/Bleu.js/node_modules/.pnpm/jest-circus@29.7.0/node_modules/jest-circus/build/utils.js:298:28)
    at new Promise (&lt;anonymous&gt;)
    at callAsyncCircusFn (/Users/pejmanhaghighatnia/Bleu.js/node_modules/.pnpm/jest-circus@29.7.0/node_modules/jest-circus/build/utils.js:231:10)
    at _callCircusHook (/Users/pejmanhaghighatnia/Bleu.js/node_modules/.pnpm/jest-circus@29.7.0/node_modules/jest-circus/build/run.js:281:40)
    at _runTest (/Users/pejmanhaghighatnia/Bleu.js/node_modules/.pnpm/jest-circus@29.7.0/node_modules/jest-circus/build/run.js:246:5)
    at _runTestsForDescribeBlock (/Users/pejmanhaghighatnia/Bleu.js/node_modules/.pnpm/jest-circus@29.7.0/node_modules/jest-circus/build/run.js:126:9)
    at _runTestsForDescribeBlock (/Users/pejmanhaghighatnia/Bleu.js/node_modules/.pnpm/jest-circus@29.7.0/node_modules/jest-circus/build/run.js:121:9)
    at run (/Users/pejmanhaghighatnia/Bleu.js/node_modules/.pnpm/jest-circus@29.7.0/node_modules/jest-circus/build/run.js:71:3)
    at runAndTransformResultsToJestFormat (/Users/pejmanhaghighatnia/Bleu.js/node_modules/.pnpm/jest-circus@29.7.0/node_modules/jest-circus/build/legacy-code-todo-rewrite/jestAdapterInit.js:122:21)
    at jestAdapter (/Users/pejmanhaghighatnia/Bleu.js/node_modules/.pnpm/jest-circus@29.7.0/node_modules/jest-circus/build/legacy-code-todo-rewrite/jestAdapter.js:79:19)
    at runTestInternal (/Users/pejmanhaghighatnia/Bleu.js/node_modules/.pnpm/jest-runner@29.7.0/node_modules/jest-runner/build/runTest.js:367:16)
    at runTest (/Users/pejmanhaghighatnia/Bleu.js/node_modules/.pnpm/jest-runner@29.7.0/node_modules/jest-runner/build/runTest.js:444:34)</failure>
    </testcase>
    <testcase classname="AIService should update a rule" name="AIService should update a rule" time="0.001">
      <failure>TypeError: Logger is not a constructor
    at new AIService (/Users/pejmanhaghighatnia/Bleu.js/backend/services/aiService.js:6:19)
    at Object.&lt;anonymous&gt; (/Users/pejmanhaghighatnia/Bleu.js/backend/tests/aiService.test.js:24:17)
    at Promise.then.completed (/Users/pejmanhaghighatnia/Bleu.js/node_modules/.pnpm/jest-circus@29.7.0/node_modules/jest-circus/build/utils.js:298:28)
    at new Promise (&lt;anonymous&gt;)
    at callAsyncCircusFn (/Users/pejmanhaghighatnia/Bleu.js/node_modules/.pnpm/jest-circus@29.7.0/node_modules/jest-circus/build/utils.js:231:10)
    at _callCircusHook (/Users/pejmanhaghighatnia/Bleu.js/node_modules/.pnpm/jest-circus@29.7.0/node_modules/jest-circus/build/run.js:281:40)
    at _runTest (/Users/pejmanhaghighatnia/Bleu.js/node_modules/.pnpm/jest-circus@29.7.0/node_modules/jest-circus/build/run.js:246:5)
    at _runTestsForDescribeBlock (/Users/pejmanhaghighatnia/Bleu.js/node_modules/.pnpm/jest-circus@29.7.0/node_modules/jest-circus/build/run.js:126:9)
    at _runTestsForDescribeBlock (/Users/pejmanhaghighatnia/Bleu.js/node_modules/.pnpm/jest-circus@29.7.0/node_modules/jest-circus/build/run.js:121:9)
    at run (/Users/pejmanhaghighatnia/Bleu.js/node_modules/.pnpm/jest-circus@29.7.0/node_modules/jest-circus/build/run.js:71:3)
    at runAndTransformResultsToJestFormat (/Users/pejmanhaghighatnia/Bleu.js/node_modules/.pnpm/jest-circus@29.7.0/node_modules/jest-circus/build/legacy-code-todo-rewrite/jestAdapterInit.js:122:21)
    at jestAdapter (/Users/pejmanhaghighatnia/Bleu.js/node_modules/.pnpm/jest-circus@29.7.0/node_modules/jest-circus/build/legacy-code-todo-rewrite/jestAdapter.js:79:19)
    at runTestInternal (/Users/pejmanhaghighatnia/Bleu.js/node_modules/.pnpm/jest-runner@29.7.0/node_modules/jest-runner/build/runTest.js:367:16)
    at runTest (/Users/pejmanhaghighatnia/Bleu.js/node_modules/.pnpm/jest-runner@29.7.0/node_modules/jest-runner/build/runTest.js:444:34)</failure>
    </testcase>
    <testcase classname="AIService should evaluate rules" name="AIService should evaluate rules" time="0">
      <failure>TypeError: Logger is not a constructor
    at new AIService (/Users/pejmanhaghighatnia/Bleu.js/backend/services/aiService.js:6:19)
    at Object.&lt;anonymous&gt; (/Users/pejmanhaghighatnia/Bleu.js/backend/tests/aiService.test.js:24:17)
    at Promise.then.completed (/Users/pejmanhaghighatnia/Bleu.js/node_modules/.pnpm/jest-circus@29.7.0/node_modules/jest-circus/build/utils.js:298:28)
    at new Promise (&lt;anonymous&gt;)
    at callAsyncCircusFn (/Users/pejmanhaghighatnia/Bleu.js/node_modules/.pnpm/jest-circus@29.7.0/node_modules/jest-circus/build/utils.js:231:10)
    at _callCircusHook (/Users/pejmanhaghighatnia/Bleu.js/node_modules/.pnpm/jest-circus@29.7.0/node_modules/jest-circus/build/run.js:281:40)
    at _runTest (/Users/pejmanhaghighatnia/Bleu.js/node_modules/.pnpm/jest-circus@29.7.0/node_modules/jest-circus/build/run.js:246:5)
    at _runTestsForDescribeBlock (/Users/pejmanhaghighatnia/Bleu.js/node_modules/.pnpm/jest-circus@29.7.0/node_modules/jest-circus/build/run.js:126:9)
    at _runTestsForDescribeBlock (/Users/pejmanhaghighatnia/Bleu.js/node_modules/.pnpm/jest-circus@29.7.0/node_modules/jest-circus/build/run.js:121:9)
    at run (/Users/pejmanhaghighatnia/Bleu.js/node_modules/.pnpm/jest-circus@29.7.0/node_modules/jest-circus/build/run.js:71:3)
    at runAndTransformResultsToJestFormat (/Users/pejmanhaghighatnia/Bleu.js/node_modules/.pnpm/jest-circus@29.7.0/node_modules/jest-circus/build/legacy-code-todo-rewrite/jestAdapterInit.js:122:21)
    at jestAdapter (/Users/pejmanhaghighatnia/Bleu.js/node_modules/.pnpm/jest-circus@29.7.0/node_modules/jest-circus/build/legacy-code-todo-rewrite/jestAdapter.js:79:19)
    at runTestInternal (/Users/pejmanhaghighatnia/Bleu.js/node_modules/.pnpm/jest-runner@29.7.0/node_modules/jest-runner/build/runTest.js:367:16)
    at runTest (/Users/pejmanhaghighatnia/Bleu.js/node_modules/.pnpm/jest-runner@29.7.0/node_modules/jest-runner/build/runTest.js:444:34)</failure>
    </testcase>
  </testsuite>
</testsuites>